BL51 BANKED LINKER/LOCATER V6.22                                                        05/13/2026  09:40:49  PAGE 1


BL51 BANKED LINKER/LOCATER V6.22, INVOKED BY:
D:\KEIL\C51\BIN\BL51.EXE .\Objects\STARTUP.obj, .\Objects\main.obj TO .\Objects\led-01 PRINT (.\Listings\led-01.m51) RAM
>> SIZE (256)


MEMORY MODEL: SMALL


INPUT MODULES INCLUDED:
  .\Objects\STARTUP.obj (?C_STARTUP)
  .\Objects\main.obj (MAIN)


LINK MAP OF MODULE:  .\Objects\led-01 (?C_STARTUP)


            TYPE    BASE      LENGTH    RELOCATION   SEGMENT NAME
            -----------------------------------------------------

            * * * * * * *   D A T A   M E M O R Y   * * * * * * *
            REG     0000H     0008H     ABSOLUTE     "REG BANK 0"
            IDATA   0008H     0001H     UNIT         ?STACK

            * * * * * * *   C O D E   M E M O R Y   * * * * * * *
            CODE    0000H     0003H     ABSOLUTE     
            CODE    0003H     001EH     UNIT         ?PR?LOOP?MAIN
            CODE    0021H     000FH     UNIT         ?PR?DELAY500MS?MAIN
            CODE    0030H     000CH     UNIT         ?C_C51STARTUP
            CODE    003CH     0008H     UNIT         ?PR?MAIN?MAIN
            CODE    0044H     0007H     UNIT         ?PR?SETUP?MAIN



OVERLAY MAP OF MODULE:   .\Objects\led-01 (?C_STARTUP)


SEGMENT
  +--> CALLED SEGMENT
---------------------
?C_C51STARTUP
  +--> ?PR?MAIN?MAIN

?PR?MAIN?MAIN
  +--> ?PR?SETUP?MAIN
  +--> ?PR?LOOP?MAIN

?PR?LOOP?MAIN
  +--> ?PR?DELAY500MS?MAIN



SYMBOL TABLE OF MODULE:  .\Objects\led-01 (?C_STARTUP)

  VALUE           TYPE          NAME
  ----------------------------------

  -------         MODULE        ?C_STARTUP
  C:0030H         SEGMENT       ?C_C51STARTUP
BL51 BANKED LINKER/LOCATER V6.22                                                      05/13/2026  09:40:49  PAGE 2


  I:0008H         SEGMENT       ?STACK
  C:0000H         PUBLIC        ?C_STARTUP
  D:00E0H         SYMBOL        ACC
  D:00F0H         SYMBOL        B
  D:0083H         SYMBOL        DPH
  D:0082H         SYMBOL        DPL
  N:0000H         SYMBOL        IBPSTACK
  N:0100H         SYMBOL        IBPSTACKTOP
  N:0080H         SYMBOL        IDATALEN
  C:0033H         SYMBOL        IDATALOOP
  N:0000H         SYMBOL        PBPSTACK
  N:0100H         SYMBOL        PBPSTACKTOP
  N:0000H         SYMBOL        PDATALEN
  N:0000H         SYMBOL        PDATASTART
  N:0000H         SYMBOL        PPAGE
  N:0000H         SYMBOL        PPAGEENABLE
  D:00A0H         SYMBOL        PPAGE_SFR
  D:0081H         SYMBOL        SP
  C:0030H         SYMBOL        STARTUP1
  N:0000H         SYMBOL        XBPSTACK
  N:0000H         SYMBOL        XBPSTACKTOP
  N:0000H         SYMBOL        XDATALEN
  N:0000H         SYMBOL        XDATASTART
  C:0000H         LINE#         126
  C:0030H         LINE#         133
  C:0032H         LINE#         134
  C:0033H         LINE#         135
  C:0034H         LINE#         136
  C:0036H         LINE#         185
  C:0039H         LINE#         196
  -------         ENDMOD        ?C_STARTUP

  -------         MODULE        MAIN
  C:0000H         SYMBOL        _ICE_DUMMY_
  D:0093H         PUBLIC        P0M1
  D:0080H         PUBLIC        P0
  D:0090H         PUBLIC        P1
  D:00A0H         PUBLIC        P2
  D:00B0H         PUBLIC        P3
  D:00C0H         PUBLIC        P4
  D:00C8H         PUBLIC        P5
  D:00E8H         PUBLIC        P6
  D:00F8H         PUBLIC        P7
  D:00A8H         PUBLIC        IE
  D:00B8H         PUBLIC        IP
  C:003CH         PUBLIC        main
  B:0080H.0       PUBLIC        P00
  B:0080H.1       PUBLIC        P01
  B:0080H.2       PUBLIC        P02
  C:0044H         PUBLIC        setup
  D:0098H         PUBLIC        SCON
  D:0088H         PUBLIC        TCON
  C:0003H         PUBLIC        loop
  C:0021H         PUBLIC        Delay500ms
  D:00D0H         PUBLIC        PSW
  D:0094H         PUBLIC        P0M0
  -------         PROC          DELAY500MS
BL51 BANKED LINKER/LOCATER V6.22                                                      05/13/2026  09:40:49  PAGE 3


  -------         DO            
  D:0007H         SYMBOL        i
  D:0006H         SYMBOL        j
  D:0005H         SYMBOL        k
  -------         ENDDO         
  C:0021H         LINE#         3
  C:0021H         LINE#         4
  C:0021H         LINE#         7
  C:0022H         LINE#         8
  C:0023H         LINE#         9
  C:0025H         LINE#         10
  C:0027H         LINE#         11
  C:0029H         LINE#         13
  C:0029H         LINE#         15
  C:0029H         LINE#         16
  C:002BH         LINE#         17
  C:002DH         LINE#         18
  C:002FH         LINE#         19
  -------         ENDPROC       DELAY500MS
  -------         PROC          SETUP
  C:0044H         LINE#         20
  C:0044H         LINE#         21
  C:0044H         LINE#         23
  C:004AH         LINE#         25
  -------         ENDPROC       SETUP
  -------         PROC          LOOP
  C:0003H         LINE#         27
  C:0003H         LINE#         28
  C:0003H         LINE#         29
  C:0005H         LINE#         30
  C:0008H         LINE#         31
  C:000AH         LINE#         32
  C:000DH         LINE#         34
  C:000FH         LINE#         35
  C:0012H         LINE#         37
  C:0014H         LINE#         38
  C:0017H         LINE#         39
  C:0019H         LINE#         40
  C:001CH         LINE#         41
  C:001EH         LINE#         42
  -------         ENDPROC       LOOP
  -------         PROC          MAIN
  C:003CH         LINE#         44
  C:003CH         LINE#         45
  C:003CH         LINE#         46
  C:003FH         LINE#         47
  C:003FH         LINE#         48
  C:003FH         LINE#         49
  C:0042H         LINE#         50
  -------         ENDPROC       MAIN
  -------         ENDMOD        MAIN

Program Size: data=9.0 xdata=0 code=75
LINK/LOCATE RUN COMPLETE.  0 WARNING(S),  0 ERROR(S)
