C51 COMPILER V9.56.0.0   MAIN                                                              05/13/2026 09:40:48 PAGE 1   


C51 COMPILER V9.56.0.0, COMPILATION OF MODULE MAIN
OBJECT MODULE PLACED IN .\Objects\main.obj
COMPILER INVOKED BY: D:\keil\C51\BIN\C51.EXE user\main.c OPTIMIZE(8,SPEED) BROWSE DEBUG OBJECTEXTEND PRINT(.\Listings\ma
                    -in.lst) TABS(2) OBJECT(.\Objects\main.obj)

line level    source

   1          #include <STC8H.h>
   2          #include <intrins.h>
   3          void Delay500ms()   //@11.0592MHz延时函数
   4          {
   5   1        unsigned char i, j, k;
   6   1      
   7   1        _nop_();//用到它就要用到这个头文件<intrins.h>
   8   1        _nop_();
   9   1        i = 22;
  10   1        j = 3;
  11   1        k = 227;
  12   1        do
  13   1        {
  14   2          do
  15   2          {
  16   3            while (--k);
  17   3          } while (--j);
  18   2        } while (--i);
  19   1      }
  20          void setup()
  21          {
  22   1        //P5M0 &= ~0x10; P5M1 &= ~0x10; 
  23   1          P0M0 &= 0xf8; P0M1 &= 0xf8; 
  24   1      
  25   1      }
  26          
  27          void loop()
  28          {
  29   1          P00 = 0;
  30   1          Delay500ms();
  31   1          P00 = 1;
  32   1          Delay500ms();
  33   1      
  34   1          P01 = 0;
  35   1          Delay500ms();
  36   1          
  37   1          P01 = 1;
  38   1          Delay500ms();
  39   1          P02 = 0;
  40   1          Delay500ms();
  41   1          P02 = 1;
  42   1          Delay500ms();
  43   1      }
  44          void main()
  45          {
  46   1          setup();
  47   1          while(1)
  48   1          {
  49   2              loop();
  50   2          }
  51   1      }


MODULE INFORMATION:   STATIC OVERLAYABLE
C51 COMPILER V9.56.0.0   MAIN                                                              05/13/2026 09:40:48 PAGE 2   

   CODE SIZE        =     60    ----
   CONSTANT SIZE    =   ----    ----
   XDATA SIZE       =   ----    ----
   PDATA SIZE       =   ----    ----
   DATA SIZE        =   ----    ----
   IDATA SIZE       =   ----    ----
   BIT SIZE         =   ----    ----
END OF MODULE INFORMATION.


C51 COMPILATION COMPLETE.  0 WARNING(S),  0 ERROR(S)
