BL51 BANKED LINKER/LOCATER V6.22                                                        05/20/2026  09:49:58  PAGE 1


BL51 BANKED LINKER/LOCATER V6.22, INVOKED BY:
D:\KEIL\C51\BIN\BL51.EXE .\Objects\STARTUP.obj, .\Objects\main£¨2£©.obj TO .\Objects\key-02 PRINT (.\Listings\key-02.m51
>> ) RAMSIZE (256)


MEMORY MODEL: SMALL


INPUT MODULES INCLUDED:
  .\Objects\STARTUP.obj (?C_STARTUP)
  .\Objects\main£¨2£©.obj (MAIN__2__)
  D:\KEIL\C51\LIB\C51S.LIB (?C_INIT)


LINK MAP OF MODULE:  .\Objects\key-02 (?C_STARTUP)


            TYPE    BASE      LENGTH    RELOCATION   SEGMENT NAME
            -----------------------------------------------------

            * * * * * * *   D A T A   M E M O R Y   * * * * * * *
            REG     0000H     0008H     ABSOLUTE     "REG BANK 0"
            DATA    0008H     0001H     UNIT         ?DT?MAIN__2__
                    0009H     0017H                  *** GAP ***
            BIT     0020H.0   0000H.1   UNIT         ?BI?MAIN__2__
                    0020H.1   0000H.7                *** GAP ***
            IDATA   0021H     0001H     UNIT         ?STACK

            * * * * * * *   C O D E   M E M O R Y   * * * * * * *
            CODE    0000H     0003H     ABSOLUTE     
            CODE    0003H     008CH     UNIT         ?C_C51STARTUP
            CODE    008FH     0022H     UNIT         ?PR?LED_TURN?MAIN__2__
            CODE    00B1H     0017H     UNIT         ?PR?KEY_SEE_ABOUT?MAIN__2__
            CODE    00C8H     000FH     UNIT         ?PR?DELAY20MS?MAIN__2__
            CODE    00D7H     0008H     UNIT         ?PR?MAIN?MAIN__2__
            CODE    00DFH     0007H     UNIT         ?PR?SETUP?MAIN__2__
            CODE    00E6H     0006H     UNIT         ?PR?LOOP?MAIN__2__
            CODE    00ECH     0003H     UNIT         ?C_INITSEG



OVERLAY MAP OF MODULE:   .\Objects\key-02 (?C_STARTUP)


SEGMENT
  +--> CALLED SEGMENT
---------------------
?C_C51STARTUP
  +--> ?PR?MAIN?MAIN__2__
  +--> ?C_INITSEG

?PR?MAIN?MAIN__2__
  +--> ?PR?SETUP?MAIN__2__
  +--> ?PR?LOOP?MAIN__2__

?PR?LOOP?MAIN__2__
  +--> ?PR?KEY_SEE_ABOUT?MAIN__2__
  +--> ?PR?LED_TURN?MAIN__2__
BL51 BANKED LINKER/LOCATER V6.22                                                      05/20/2026  09:49:58  PAGE 2



?PR?KEY_SEE_ABOUT?MAIN__2__
  +--> ?PR?DELAY20MS?MAIN__2__



SYMBOL TABLE OF MODULE:  .\Objects\key-02 (?C_STARTUP)

  VALUE           TYPE          NAME
  ----------------------------------

  -------         MODULE        ?C_STARTUP
  C:0003H         SEGMENT       ?C_C51STARTUP
  I:0021H         SEGMENT       ?STACK
  C:0000H         PUBLIC        ?C_STARTUP
  D:00E0H         SYMBOL        ACC
  D:00F0H         SYMBOL        B
  D:0083H         SYMBOL        DPH
  D:0082H         SYMBOL        DPL
  N:0000H         SYMBOL        IBPSTACK
  N:0100H         SYMBOL        IBPSTACKTOP
  N:0080H         SYMBOL        IDATALEN
  C:0006H         SYMBOL        IDATALOOP
  N:0000H         SYMBOL        PBPSTACK
  N:0100H         SYMBOL        PBPSTACKTOP
  N:0000H         SYMBOL        PDATALEN
  N:0000H         SYMBOL        PDATASTART
  N:0000H         SYMBOL        PPAGE
  N:0000H         SYMBOL        PPAGEENABLE
  D:00A0H         SYMBOL        PPAGE_SFR
  D:0081H         SYMBOL        SP
  C:0003H         SYMBOL        STARTUP1
  N:0000H         SYMBOL        XBPSTACK
  N:0000H         SYMBOL        XBPSTACKTOP
  N:0000H         SYMBOL        XDATALEN
  N:0000H         SYMBOL        XDATASTART
  C:0000H         LINE#         126
  C:0003H         LINE#         133
  C:0005H         LINE#         134
  C:0006H         LINE#         135
  C:0007H         LINE#         136
  C:0009H         LINE#         185
  C:000CH         LINE#         196
  -------         ENDMOD        ?C_STARTUP

  -------         MODULE        MAIN__2__
  C:0000H         SYMBOL        _ICE_DUMMY_
  D:0093H         PUBLIC        P0M1
  D:0080H         PUBLIC        P0
  D:0090H         PUBLIC        P1
  C:008FH         PUBLIC        LED_turn
  D:00A0H         PUBLIC        P2
  D:00B0H         PUBLIC        P3
  D:00C0H         PUBLIC        P4
  D:00C8H         PUBLIC        P5
  D:00E8H         PUBLIC        P6
  D:00F8H         PUBLIC        P7
BL51 BANKED LINKER/LOCATER V6.22                                                      05/20/2026  09:49:58  PAGE 3


  D:00A8H         PUBLIC        IE
  D:00B8H         PUBLIC        IP
  B:00B0H.2       PUBLIC        KEY1
  B:00B0H.3       PUBLIC        KEY2
  C:00D7H         PUBLIC        main
  C:00DFH         PUBLIC        setup
  D:0098H         PUBLIC        SCON
  D:0088H         PUBLIC        TCON
  C:00C8H         PUBLIC        Delay20ms
  C:00E6H         PUBLIC        loop
  B:0020H.0       PUBLIC        key_flag
  C:00B1H         PUBLIC        key_see_about
  D:0008H         PUBLIC        i
  D:00D0H         PUBLIC        PSW
  D:0094H         PUBLIC        P0M0
  -------         PROC          DELAY20MS
  -------         DO            
  D:0007H         SYMBOL        i
  D:0006H         SYMBOL        j
  D:0005H         SYMBOL        k
  -------         ENDDO         
  C:00C8H         LINE#         7
  C:00C8H         LINE#         8
  C:00C8H         LINE#         11
  C:00C9H         LINE#         12
  C:00CAH         LINE#         13
  C:00CCH         LINE#         14
  C:00CEH         LINE#         15
  C:00D0H         LINE#         17
  C:00D0H         LINE#         19
  C:00D0H         LINE#         20
  C:00D2H         LINE#         21
  C:00D4H         LINE#         22
  C:00D6H         LINE#         23
  -------         ENDPROC       DELAY20MS
  -------         PROC          SETUP
  C:00DFH         LINE#         25
  C:00DFH         LINE#         26
  C:00DFH         LINE#         27
  C:00E2H         LINE#         28
  C:00E5H         LINE#         29
  C:00E5H         LINE#         30
  -------         ENDPROC       SETUP
  -------         PROC          KEY_SEE_ABOUT
  C:00B1H         LINE#         31
  C:00B1H         LINE#         32
  C:00B1H         LINE#         33
  C:00B4H         LINE#         34
  C:00B4H         LINE#         35
  C:00B7H         LINE#         36
  C:00BAH         LINE#         37
  C:00BAH         LINE#         38
  C:00BCH         LINE#         39
  C:00BCH         LINE#         40
  C:00BCH         LINE#         41
  C:00BFH         LINE#         42
  C:00BFH         LINE#         43
BL51 BANKED LINKER/LOCATER V6.22                                                      05/20/2026  09:49:58  PAGE 4


  C:00C2H         LINE#         44
  C:00C5H         LINE#         45
  C:00C5H         LINE#         46
  C:00C7H         LINE#         47
  C:00C7H         LINE#         48
  C:00C7H         LINE#         49
  -------         ENDPROC       KEY_SEE_ABOUT
  -------         PROC          LED_TURN
  C:008FH         LINE#         50
  C:008FH         LINE#         51
  C:008FH         LINE#         52
  C:0092H         LINE#         53
  C:0092H         LINE#         54
  C:0094H         LINE#         55
  C:00A4H         LINE#         56
  C:00A6H         LINE#         57
  C:00ADH         LINE#         58
  C:00B0H         LINE#         59
  C:00B0H         LINE#         60
  -------         ENDPROC       LED_TURN
  -------         PROC          LOOP
  C:00E6H         LINE#         61
  C:00E6H         LINE#         62
  C:00E6H         LINE#         63
  C:00E9H         LINE#         64
  -------         ENDPROC       LOOP
  -------         PROC          MAIN
  C:00D7H         LINE#         66
  C:00D7H         LINE#         67
  C:00D7H         LINE#         68
  C:00DAH         LINE#         69
  C:00DAH         LINE#         70
  C:00DAH         LINE#         71
  C:00DDH         LINE#         72
  -------         ENDPROC       MAIN
  -------         ENDMOD        MAIN__2__

Program Size: data=10.1 xdata=0 code=239
LINK/LOCATE RUN COMPLETE.  0 WARNING(S),  0 ERROR(S)
