C51 COMPILER V9.56.0.0   MAIN                                                              05/20/2026 09:40:25 PAGE 1   


C51 COMPILER V9.56.0.0, COMPILATION OF MODULE MAIN
OBJECT MODULE PLACED IN .\Objects\main.obj
COMPILER INVOKED BY: D:\keil\C51\BIN\C51.EXE main.c OPTIMIZE(8,SPEED) BROWSE DEBUG OBJECTEXTEND PRINT(.\Listings\main.ls
                    -t) TABS(2) OBJECT(.\Objects\main.obj)

line level    source

   1          #include <stc8h.h>
   2          
   3          
   4          // 定义引脚
   5          sbit KEY1 = P3^2;
   6          sbit KEY2 =P3^3;
   7          sbit LED_B = P0^0;
   8          sbit LED_R = P0^1;
   9          sbit LED_G = P0^2;
  10          
  11          
  12          // 定义全局变量
  13          bit key_flag = 0;          // 按键标志位
  14          
  15          unsigned char color_step = 0; // 颜色状态变量
  16          
  17          
  18          // 初始化设置内容
  19          
  20          void setup() {
  21   1          
  22   1          EA = 1;
  23   1          EX0 =1;
  24   1          EX1 =1;
  25   1          IE0 =0;
  26   1          IE1 =0;
  27   1          IT0 =1;
  28   1          IT1 =1;
  29   1          P0M0 &= 0xf8; 
  30   1          P0M1 &= 0xf8; 
  31   1          P0 &=0XFF;
  32   1          
  33   1      }
  34          
  35          
  36          // 外部中断0服务函数
  37          
  38          void ext0_isr() interrupt 0 
  39            {
  40   1          key_flag = 1;   // 按键标志位置1 
  41   1          
  42   1        while(!KEY1);   // 等待按键抬起 
  43   1          
  44   1      }
  45          void INT0_IE1() interrupt 2//外部中断1的中断服务子函数
  46          {
  47   1        key_flag=1;//自定义按键一标志位，按键按下置1
  48   1        while(!KEY2);//等待按键抬起
  49   1      }
  50          
  51          
  52          // LED流转函数
  53          
  54          void led_flow() {
C51 COMPILER V9.56.0.0   MAIN                                                              05/20/2026 09:40:25 PAGE 2   

  55   1          
  56   1      if(key_flag == 1) { // 标志位为1时实现LED颜色变化 
  57   2              color_step++;
  58   2              
  59   2      if(color_step > 2) color_step = 0;
  60   2      
  61   2              
  62   2      // 先熄灭所有灯
  63   2              LED_B = 1; LED_R = 1; LED_G = 1;
  64   2      
  65   2              
  66   2      // 切换颜色
  67   2              
  68   2      if(color_step == 0) LED_B = 0;
  69   2              
  70   2      else if(color_step == 1) LED_R = 0;
  71   2              
  72   2      else if(color_step == 2) LED_G = 0;
  73   2      
  74   2              key_flag = 0; // 清零按键标志位 
  75   2          }
  76   1      }
  77          
  78          
  79          // 循环主体内容
  80          
  81          void loop() {
  82   1          led_flow(); 
  83   1      // 在大循环函数中调用LED流转函数 
  84   1      }
  85          
  86          
  87          // 不变的主函数
  88          
  89          void main(void) {
  90   1          setup();      
  91   1      
  92   1          
  93   1      while(1) {    
  94   2              loop();   
  95   2          }
  96   1      }


MODULE INFORMATION:   STATIC OVERLAYABLE
   CODE SIZE        =     92    ----
   CONSTANT SIZE    =   ----    ----
   XDATA SIZE       =   ----    ----
   PDATA SIZE       =   ----    ----
   DATA SIZE        =      1    ----
   IDATA SIZE       =   ----    ----
   BIT SIZE         =      1    ----
END OF MODULE INFORMATION.


C51 COMPILATION COMPLETE.  0 WARNING(S),  0 ERROR(S)
