C51 COMPILER V9.56.0.0   MAIN__2__                                                         05/20/2026 09:49:58 PAGE 1   


C51 COMPILER V9.56.0.0, COMPILATION OF MODULE MAIN__2__
OBJECT MODULE PLACED IN .\Objects\main（2）.obj
COMPILER INVOKED BY: D:\keil\C51\BIN\C51.EXE main（2）.c OPTIMIZE(8,SPEED) BROWSE DEBUG OBJECTEXTEND PRINT(.\Listings\ma
                    -in（2）.lst) TABS(2) OBJECT(.\Objects\main（2）.obj)

line level    source

   1          #include <STC8H.h>
   2          #include <intrins.h>
   3          sbit KEY1 = P3^2;
   4          sbit KEY2 =P3^3;
   5          // 定义全局变量
   6          bit key_flag = 0;
   7          void Delay20ms()  //@11.0592MHz
   8          {
   9   1       unsigned char i, j, k;
  10   1      
  11   1       _nop_();
  12   1       _nop_();
  13   1       i = 1;
  14   1       j = 216;
  15   1       k = 35;
  16   1       do
  17   1       {
  18   2        do
  19   2        {
  20   3         while (--k);
  21   3        } while (--j);
  22   2       } while (--i);
  23   1      }
  24          unsigned char i;//控制灯移位变量
  25          void setup()//外部中断0和io口初始化变量
  26          {
  27   1        P0M1 &=0xf8;//设置P0口低三位为准双向口模式
  28   1        P0M0 &=0xf8;//设置P0口低三位为准双向口模式
  29   1       P0 &=0xff;//先把灯都灭了；
  30   1      }
  31          void key_see_about()//按键查询，看按键1或二是否按下
  32          {
  33   1        if(KEY1==0)//如果按键1按下
  34   1        {
  35   2            Delay20ms();//延时20ms按键1消抖环节
  36   2            if(KEY1==0)//按键1还是低电平则标志为置1，以上为按键1消抖环节
  37   2            {
  38   3              key_flag=1;//按键标志位置1
  39   3            }
  40   2        } 
  41   1        if(KEY2==0)//如果按键2按下
  42   1        {
  43   2            Delay20ms();//延时20ms
  44   2            if(KEY2==0)//以上为按键2消抖环节
  45   2            {
  46   3              key_flag=1;//标志位置1
  47   3            }
  48   2        }
  49   1      }
  50          void LED_turn()//led流转函数
  51          {
  52   1        if(key_flag)//确认按键按下才进入亮灯
  53   1        {
  54   2            key_flag=0;//自定义按键一标志位清零
C51 COMPILER V9.56.0.0   MAIN__2__                                                         05/20/2026 09:49:58 PAGE 2   

  55   2            P0=~(1<<i);//按键按下一次亮一种灯
  56   2            i++;//移位量笔前一次多一
  57   2            if(i>2)//灯循环一次后i清零
  58   2                i=0;
  59   2        }
  60   1      }
  61          void loop()//循环题里面的内容
  62          {
  63   1      key_see_about();
  64   1        LED_turn();//调用led流转函数
  65   1      }
  66          void main()
  67          {
  68   1        setup();//初始化
  69   1       while(1)//循环体
  70   1        {
  71   2            loop();//亮灯程序
  72   2        }
  73   1      }


MODULE INFORMATION:   STATIC OVERLAYABLE
   CODE SIZE        =     93    ----
   CONSTANT SIZE    =   ----    ----
   XDATA SIZE       =   ----    ----
   PDATA SIZE       =   ----    ----
   DATA SIZE        =      1    ----
   IDATA SIZE       =   ----    ----
   BIT SIZE         =      1    ----
END OF MODULE INFORMATION.


C51 COMPILATION COMPLETE.  0 WARNING(S),  0 ERROR(S)
