C51 COMPILER V9.56.0.0   MAIN_3_                                                           05/20/2026 09:31:00 PAGE 1   


C51 COMPILER V9.56.0.0, COMPILATION OF MODULE MAIN_3_
OBJECT MODULE PLACED IN .\Objects\main(3).obj
COMPILER INVOKED BY: D:\keil\C51\BIN\C51.EXE main(3).c OPTIMIZE(8,SPEED) BROWSE DEBUG OBJECTEXTEND PRINT(.\Listings\main
                    -(3).lst) TABS(2) OBJECT(.\Objects\main(3).obj)

line level    source

   1          #include <stc8h.h>
   2          
   3          // 定义引脚
   4          sbit KEY1 = P3^2;
   5          sbit LED_B = P0^0;
   6          sbit LED_R = P0^1;
   7          sbit LED_G = P0^2;
   8          
   9          // 定义全局变量
  10          bit key_flag = 0;
  11          unsigned char color_step = 0;
  12          
  13          // 消抖延时函数 (可通过STC-ISP软件延时计算器获得) 
  14          void Delay20ms() 
  15          {
  16   1          unsigned char
  17   1       i, j;
  18   1          i = 65;
  19   1          j = 113;
  20   1          do
  21   1       {
  22   2              while
  23   2       (--j);
  24   2          } 
  25   1      while
  26   1       (--i);
  27   1      }
  28          
  29          // 初始化设置内容
  30          void setup() 
  31          {
  32   1          // 设置IO口模式 
  33   1          P0M0 = 0x07; P0M1 = 0x00;
  34   1          P3M0 = 0x00; P3M1 = 0x00;
  35   1      
  36   1          LED_B = 1; LED_R = 1; LED_G = 1;
  37   1      }
  38          
  39          // 按键检测函数
  40          void key_scan() 
  41          {
  42   1          if(KEY1 == 0) {            // 判断按键按下 
  43   2              Delay20ms();           
  44   2      // 延时20mS 
  45   2              if(KEY1 == 0) {        // 再次判断按键按下 
  46   3                  key_flag = 1;      // 按键标志位置1 
  47   3                  while(!KEY1);      // 等待按键抬起 
  48   3              }
  49   2          }
  50   1      }
  51          
  52          // LED流转函数 (与中断方式相同)
  53          void led_flow() 
  54          {
C51 COMPILER V9.56.0.0   MAIN_3_                                                           05/20/2026 09:31:00 PAGE 2   

  55   1          if(key_flag == 1
  56   1      ) {
  57   2              color_step++;
  58   2              if(color_step > 2) color_step = 0
  59   2      ;
  60   2      
  61   2              LED_B = 
  62   2      1; LED_R = 1; LED_G = 1
  63   2      ;
  64   2      
  65   2              if(color_step == 0) LED_B = 0
  66   2      ;
  67   2              else if(color_step == 1) LED_R = 0
  68   2      ;
  69   2              else if(color_step == 2) LED_G = 0
  70   2      ;
  71   2      
  72   2              key_flag = 
  73   2      0
  74   2      ;
  75   2          }
  76   1      }
  77          
  78          // 循环主体内容
  79          void loop() 
  80          {
  81   1          key_scan(); 
  82   1      // 调用按键函数 
  83   1          led_flow(); 
  84   1      // 调用流转灯函数 
  85   1      }
  86          
  87          // 不变的主函数
  88          void main(void) 
  89          {
  90   1          setup();      
  91   1      // [cite: 251]
  92   1          while(1) {    // [cite: 252]
  93   2              loop();   
  94   2      // [cite: 253]
  95   2          }
  96   1      }


MODULE INFORMATION:   STATIC OVERLAYABLE
   CODE SIZE        =    103    ----
   CONSTANT SIZE    =   ----    ----
   XDATA SIZE       =   ----    ----
   PDATA SIZE       =   ----    ----
   DATA SIZE        =      1    ----
   IDATA SIZE       =   ----    ----
   BIT SIZE         =      1    ----
END OF MODULE INFORMATION.


C51 COMPILATION COMPLETE.  0 WARNING(S),  0 ERROR(S)
