BL51 BANKED LINKER/LOCATER V6.22                                                        05/27/2026  09:10:12  PAGE 1


BL51 BANKED LINKER/LOCATER V6.22, INVOKED BY:
D:\KEIL\C51\BIN\BL51.EXE .\Objects\STARTUP.obj, .\Objects\main.obj TO .\Objects\pwn-led PRINT (.\Listings\pwn-led.m51) R
>> AMSIZE (256)


MEMORY MODEL: SMALL


INPUT MODULES INCLUDED:
  .\Objects\STARTUP.obj (?C_STARTUP)
  .\Objects\main.obj (MAIN)
  D:\KEIL\C51\LIB\C51S.LIB (?C_INIT)


LINK MAP OF MODULE:  .\Objects\pwn-led (?C_STARTUP)


            TYPE    BASE      LENGTH    RELOCATION   SEGMENT NAME
            -----------------------------------------------------

            * * * * * * *   D A T A   M E M O R Y   * * * * * * *
            REG     0000H     0008H     ABSOLUTE     "REG BANK 0"
            DATA    0008H     0002H     UNIT         ?DT?MAIN
            IDATA   000AH     0001H     UNIT         ?STACK

            * * * * * * *   C O D E   M E M O R Y   * * * * * * *
            CODE    0000H     0003H     ABSOLUTE     
            CODE    0003H     0008H     UNIT         ?PR?MAIN?MAIN
            CODE    000BH     0003H     ABSOLUTE     
            CODE    000EH     008CH     UNIT         ?C_C51STARTUP
            CODE    009AH     0040H     UNIT         ?PR?TIMER0_ISR?MAIN
            CODE    00DAH     0015H     UNIT         ?PR?TIMER0_INIT?MAIN
            CODE    00EFH     0007H     UNIT         ?PR?INITIALIZE?MAIN
            CODE    00F6H     0004H     UNIT         ?C_INITSEG



OVERLAY MAP OF MODULE:   .\Objects\pwn-led (?C_STARTUP)


SEGMENT
  +--> CALLED SEGMENT
---------------------
?C_C51STARTUP
  +--> ?PR?MAIN?MAIN
  +--> ?C_INITSEG

?PR?MAIN?MAIN
  +--> ?PR?INITIALIZE?MAIN
  +--> ?PR?TIMER0_INIT?MAIN



SYMBOL TABLE OF MODULE:  .\Objects\pwn-led (?C_STARTUP)

  VALUE           TYPE          NAME
  ----------------------------------

BL51 BANKED LINKER/LOCATER V6.22                                                      05/27/2026  09:10:12  PAGE 2


  -------         MODULE        ?C_STARTUP
  C:000EH         SEGMENT       ?C_C51STARTUP
  I:000AH         SEGMENT       ?STACK
  C:0000H         PUBLIC        ?C_STARTUP
  D:00E0H         SYMBOL        ACC
  D:00F0H         SYMBOL        B
  D:0083H         SYMBOL        DPH
  D:0082H         SYMBOL        DPL
  N:0000H         SYMBOL        IBPSTACK
  N:0100H         SYMBOL        IBPSTACKTOP
  N:0080H         SYMBOL        IDATALEN
  C:0011H         SYMBOL        IDATALOOP
  N:0000H         SYMBOL        PBPSTACK
  N:0100H         SYMBOL        PBPSTACKTOP
  N:0000H         SYMBOL        PDATALEN
  N:0000H         SYMBOL        PDATASTART
  N:0000H         SYMBOL        PPAGE
  N:0000H         SYMBOL        PPAGEENABLE
  D:00A0H         SYMBOL        PPAGE_SFR
  D:0081H         SYMBOL        SP
  C:000EH         SYMBOL        STARTUP1
  N:0000H         SYMBOL        XBPSTACK
  N:0000H         SYMBOL        XBPSTACKTOP
  N:0000H         SYMBOL        XDATALEN
  N:0000H         SYMBOL        XDATASTART
  C:0000H         LINE#         126
  C:000EH         LINE#         133
  C:0010H         LINE#         134
  C:0011H         LINE#         135
  C:0012H         LINE#         136
  C:0014H         LINE#         185
  C:0017H         LINE#         196
  -------         ENDMOD        ?C_STARTUP

  -------         MODULE        MAIN
  C:0000H         SYMBOL        _ICE_DUMMY_
  D:0093H         PUBLIC        P0M1
  D:0080H         PUBLIC        P0
  D:0090H         PUBLIC        P1
  D:00A0H         PUBLIC        P2
  D:00B0H         PUBLIC        P3
  D:00C0H         PUBLIC        P4
  D:00C8H         PUBLIC        P5
  D:00E8H         PUBLIC        P6
  B:00A8H.7       PUBLIC        EA
  D:00F8H         PUBLIC        P7
  D:00A8H         PUBLIC        IE
  D:00B8H         PUBLIC        IP
  C:0003H         PUBLIC        main
  C:00DAH         PUBLIC        Timer0_Init
  D:0008H         PUBLIC        count
  D:0098H         PUBLIC        SCON
  D:0089H         PUBLIC        TMOD
  D:0088H         PUBLIC        TCON
  C:00EFH         PUBLIC        initialize
  D:008EH         PUBLIC        AUXR
  B:00A8H.1       PUBLIC        ET0
BL51 BANKED LINKER/LOCATER V6.22                                                      05/27/2026  09:10:12  PAGE 3


  B:0088H.5       PUBLIC        TF0
  D:008CH         PUBLIC        TH0
  D:008AH         PUBLIC        TL0
  B:0088H.4       PUBLIC        TR0
  C:009AH         PUBLIC        Timer0_isr
  D:0009H         PUBLIC        i
  D:00D0H         PUBLIC        PSW
  D:0094H         PUBLIC        P0M0
  -------         PROC          TIMER0_INIT
  C:00DAH         LINE#         6
  C:00DAH         LINE#         7
  C:00DAH         LINE#         8
  C:00DDH         LINE#         9
  C:00E0H         LINE#         10
  C:00E3H         LINE#         11
  C:00E6H         LINE#         12
  C:00E8H         LINE#         13
  C:00EAH         LINE#         14
  C:00ECH         LINE#         15
  C:00EEH         LINE#         16
  -------         ENDPROC       TIMER0_INIT
  -------         PROC          INITIALIZE
  C:00EFH         LINE#         20
  C:00EFH         LINE#         21
  C:00EFH         LINE#         22
  C:00F2H         LINE#         23
  C:00F5H         LINE#         24
  -------         ENDPROC       INITIALIZE
  -------         PROC          TIMER0_ISR
  C:009AH         LINE#         39
  C:00A5H         LINE#         41
  C:00A8H         LINE#         42
  C:00ABH         LINE#         43
  C:00ADH         LINE#         44
  C:00B2H         LINE#         45
  C:00B2H         LINE#         46
  C:00B5H         LINE#         47
  C:00C5H         LINE#         48
  C:00C7H         LINE#         49
  C:00CEH         LINE#         50
  C:00D1H         LINE#         51
  C:00D1H         LINE#         53
  -------         ENDPROC       TIMER0_ISR
  -------         PROC          MAIN
  C:0003H         LINE#         55
  C:0003H         LINE#         56
  C:0003H         LINE#         57
  C:0006H         LINE#         58
  C:0009H         LINE#         59
  C:0009H         LINE#         60
  C:0009H         LINE#         62
  -------         ENDPROC       MAIN
  -------         ENDMOD        MAIN

Program Size: data=11.0 xdata=0 code=250
LINK/LOCATE RUN COMPLETE.  0 WARNING(S),  0 ERROR(S)
