BL51 BANKED LINKER/LOCATER V6.22                                                        06/03/2026  09:13:59  PAGE 1


BL51 BANKED LINKER/LOCATER V6.22, INVOKED BY:
D:\KEIL\C51\BIN\BL51.EXE .\Objects\STARTUP.obj, .\Objects\main.obj TO .\Objects\UART-PC PRINT (.\Listings\UART-PC.m51) R
>> AMSIZE (256)


MEMORY MODEL: SMALL


INPUT MODULES INCLUDED:
  .\Objects\STARTUP.obj (?C_STARTUP)
  .\Objects\main.obj (MAIN)
  D:\KEIL\C51\LIB\C51S.LIB (?C_INIT)
  D:\KEIL\C51\LIB\C51S.LIB (?C?CCASE)


LINK MAP OF MODULE:  .\Objects\UART-PC (?C_STARTUP)


            TYPE    BASE      LENGTH    RELOCATION   SEGMENT NAME
            -----------------------------------------------------

            * * * * * * *   D A T A   M E M O R Y   * * * * * * *
            REG     0000H     0008H     ABSOLUTE     "REG BANK 0"
            DATA    0008H     0002H     UNIT         ?DT?MAIN
                    000AH     0016H                  *** GAP ***
            BIT     0020H.0   0000H.1   UNIT         ?BI?MAIN
                    0020H.1   0000H.7                *** GAP ***
            IDATA   0021H     0001H     UNIT         ?STACK

            * * * * * * *   C O D E   M E M O R Y   * * * * * * *
            CODE    0000H     0003H     ABSOLUTE     
            CODE    0003H     001BH     UNIT         ?PR?UART1_INIT?MAIN
                    001EH     0005H                  *** GAP ***
            CODE    0023H     0003H     ABSOLUTE     
            CODE    0026H     0097H     UNIT         ?PR?_PROCESS_COMMAND?MAIN
            CODE    00BDH     008CH     UNIT         ?C_C51STARTUP
            CODE    0149H     0026H     UNIT         ?C?LIB_CODE
            CODE    016FH     0012H     UNIT         ?PR?MAIN?MAIN
            CODE    0181H     000DH     UNIT         ?PR?SETUP?MAIN
            CODE    018EH     000BH     UNIT         ?PR?UART1_ISR?MAIN
            CODE    0199H     0008H     UNIT         ?PR?_UART1_SENDBYTE?MAIN
            CODE    01A1H     0006H     UNIT         ?C_INITSEG



OVERLAY MAP OF MODULE:   .\Objects\UART-PC (?C_STARTUP)


SEGMENT
  +--> CALLED SEGMENT
---------------------
?C_C51STARTUP
  +--> ?PR?MAIN?MAIN
  +--> ?C_INITSEG

?PR?MAIN?MAIN
  +--> ?PR?SETUP?MAIN
  +--> ?PR?UART1_INIT?MAIN
BL51 BANKED LINKER/LOCATER V6.22                                                      06/03/2026  09:13:59  PAGE 2


  +--> ?PR?_PROCESS_COMMAND?MAIN

?PR?_PROCESS_COMMAND?MAIN
  +--> ?PR?_UART1_SENDBYTE?MAIN



SYMBOL TABLE OF MODULE:  .\Objects\UART-PC (?C_STARTUP)

  VALUE           TYPE          NAME
  ----------------------------------

  -------         MODULE        ?C_STARTUP
  C:00BDH         SEGMENT       ?C_C51STARTUP
  I:0021H         SEGMENT       ?STACK
  C:0000H         PUBLIC        ?C_STARTUP
  D:00E0H         SYMBOL        ACC
  D:00F0H         SYMBOL        B
  D:0083H         SYMBOL        DPH
  D:0082H         SYMBOL        DPL
  N:0000H         SYMBOL        IBPSTACK
  N:0100H         SYMBOL        IBPSTACKTOP
  N:0080H         SYMBOL        IDATALEN
  C:00C0H         SYMBOL        IDATALOOP
  N:0000H         SYMBOL        PBPSTACK
  N:0100H         SYMBOL        PBPSTACKTOP
  N:0000H         SYMBOL        PDATALEN
  N:0000H         SYMBOL        PDATASTART
  N:0000H         SYMBOL        PPAGE
  N:0000H         SYMBOL        PPAGEENABLE
  D:00A0H         SYMBOL        PPAGE_SFR
  D:0081H         SYMBOL        SP
  C:00BDH         SYMBOL        STARTUP1
  N:0000H         SYMBOL        XBPSTACK
  N:0000H         SYMBOL        XBPSTACKTOP
  N:0000H         SYMBOL        XDATALEN
  N:0000H         SYMBOL        XDATASTART
  C:0000H         LINE#         126
  C:00BDH         LINE#         133
  C:00BFH         LINE#         134
  C:00C0H         LINE#         135
  C:00C1H         LINE#         136
  C:00C3H         LINE#         185
  C:00C6H         LINE#         196
  -------         ENDMOD        ?C_STARTUP

  -------         MODULE        MAIN
  C:0000H         SYMBOL        _ICE_DUMMY_
  D:0093H         PUBLIC        P0M1
  D:0080H         PUBLIC        P0
  D:0090H         PUBLIC        P1
  D:00A0H         PUBLIC        P2
  D:00B0H         PUBLIC        P3
  D:00C0H         PUBLIC        P4
  D:00C8H         PUBLIC        P5
  D:00E8H         PUBLIC        P6
  B:00A8H.7       PUBLIC        EA
BL51 BANKED LINKER/LOCATER V6.22                                                      06/03/2026  09:13:59  PAGE 3


  D:00F8H         PUBLIC        P7
  C:0026H         PUBLIC        _Process_Command
  B:0080H.0       PUBLIC        LED_R
  D:00A8H         PUBLIC        IE
  B:00A8H.4       PUBLIC        ES
  D:00B8H         PUBLIC        IP
  B:0098H.0       PUBLIC        RI
  B:0098H.1       PUBLIC        TI
  C:018EH         PUBLIC        Uart1_ISR
  C:016FH         PUBLIC        main
  D:0099H         PUBLIC        SBUF
  C:0181H         PUBLIC        setup
  D:0098H         PUBLIC        SCON
  D:0089H         PUBLIC        TMOD
  D:0088H         PUBLIC        TCON
  B:0020H.0       PUBLIC        uart_flag
  D:008EH         PUBLIC        AUXR
  C:0003H         PUBLIC        Uart1_Init
  B:00A8H.3       PUBLIC        ET1
  D:008DH         PUBLIC        TH1
  D:008BH         PUBLIC        TL1
  C:0199H         PUBLIC        _Uart1_SendByte
  B:0088H.6       PUBLIC        TR1
  D:0008H         PUBLIC        i
  D:0009H         PUBLIC        s_data
  B:0080H.2       PUBLIC        LED_B
  D:00D0H         PUBLIC        PSW
  B:0080H.1       PUBLIC        LED_G
  D:0094H         PUBLIC        P0M0
  -------         PROC          UART1_INIT
  C:0003H         LINE#         10
  C:0003H         LINE#         11
  C:0003H         LINE#         12
  C:0006H         LINE#         13
  C:0009H         LINE#         14
  C:000CH         LINE#         15
  C:000FH         LINE#         16
  C:0012H         LINE#         17
  C:0015H         LINE#         18
  C:0017H         LINE#         19
  C:0019H         LINE#         20
  C:001BH         LINE#         21
  C:001DH         LINE#         22
  -------         ENDPROC       UART1_INIT
  -------         PROC          SETUP
  C:0181H         LINE#         23
  C:0181H         LINE#         24
  C:0181H         LINE#         25
  C:0184H         LINE#         26
  C:0187H         LINE#         28
  C:0189H         LINE#         29
  C:018BH         LINE#         30
  C:018DH         LINE#         31
  -------         ENDPROC       SETUP
  -------         PROC          _UART1_SENDBYTE
  D:0007H         SYMBOL        dat
  C:0199H         LINE#         32
BL51 BANKED LINKER/LOCATER V6.22                                                      06/03/2026  09:13:59  PAGE 4


  C:0199H         LINE#         33
  C:0199H         LINE#         34
  C:019BH         LINE#         35
  C:019EH         LINE#         36
  C:01A0H         LINE#         37
  -------         ENDPROC       _UART1_SENDBYTE
  -------         PROC          UART1_ISR
  C:018EH         LINE#         39
  C:018EH         LINE#         41
  C:0191H         LINE#         42
  C:0191H         LINE#         43
  C:0194H         LINE#         44
  C:0196H         LINE#         45
  C:0198H         LINE#         46
  C:0198H         LINE#         47
  -------         ENDPROC       UART1_ISR
  -------         PROC          _PROCESS_COMMAND
  D:0007H         SYMBOL        cmd
  C:0026H         LINE#         48
  C:0026H         LINE#         49
  C:0026H         LINE#         50
  C:0049H         LINE#         51
  C:0049H         LINE#         52
  C:0049H         LINE#         53
  C:004BH         LINE#         54
  C:004DH         LINE#         55
  C:004FH         LINE#         56
  C:0051H         LINE#         57
  C:0053H         LINE#         58
  C:0053H         LINE#         59
  C:0055H         LINE#         60
  C:0057H         LINE#         61
  C:0059H         LINE#         62
  C:005BH         LINE#         63
  C:005DH         LINE#         65
  C:005DH         LINE#         66
  C:005FH         LINE#         67
  C:0061H         LINE#         68
  C:0063H         LINE#         69
  C:0065H         LINE#         70
  C:0067H         LINE#         71
  C:0067H         LINE#         72
  C:0069H         LINE#         73
  C:006BH         LINE#         74
  C:006DH         LINE#         75
  C:006FH         LINE#         76
  C:0071H         LINE#         78
  C:0071H         LINE#         79
  C:0073H         LINE#         80
  C:0075H         LINE#         81
  C:0077H         LINE#         82
  C:0079H         LINE#         83
  C:007BH         LINE#         85
  C:007BH         LINE#         86
  C:007DH         LINE#         87
  C:007FH         LINE#         88
  C:0081H         LINE#         89
BL51 BANKED LINKER/LOCATER V6.22                                                      06/03/2026  09:13:59  PAGE 5


  C:0083H         LINE#         90
  C:0085H         LINE#         92
  C:0085H         LINE#         93
  C:0087H         LINE#         94
  C:0089H         LINE#         95
  C:008BH         LINE#         96
  C:008DH         LINE#         97
  C:008FH         LINE#         98
  C:008FH         LINE#         99
  C:0091H         LINE#         100
  C:0093H         LINE#         101
  C:0095H         LINE#         102
  C:0097H         LINE#         103
  C:0099H         LINE#         105
  C:0099H         LINE#         106
  C:00A9H         LINE#         107
  C:00ABH         LINE#         108
  C:00B2H         LINE#         109
  C:00B5H         LINE#         110
  C:00B7H         LINE#         111
  C:00B9H         LINE#         114
  C:00B9H         LINE#         115
  C:00BCH         LINE#         116
  C:00BCH         LINE#         117
  C:00BCH         LINE#         118
  -------         ENDPROC       _PROCESS_COMMAND
  -------         PROC          MAIN
  C:016FH         LINE#         120
  C:016FH         LINE#         121
  C:016FH         LINE#         122
  C:0172H         LINE#         123
  C:0175H         LINE#         125
  C:0175H         LINE#         126
  C:0175H         LINE#         127
  C:0178H         LINE#         128
  C:0178H         LINE#         129
  C:017AH         LINE#         130
  C:017FH         LINE#         131
  C:017FH         LINE#         132
  -------         ENDPROC       MAIN
  -------         ENDMOD        MAIN

  -------         MODULE        ?C?CCASE
  C:0149H         PUBLIC        ?C?CCASE
  -------         ENDMOD        ?C?CCASE

Program Size: data=11.1 xdata=0 code=418
LINK/LOCATE RUN COMPLETE.  0 WARNING(S),  0 ERROR(S)
