BL51 BANKED LINKER/LOCATER V6.22                                                        05/27/2026  08:03:29  PAGE 1


BL51 BANKED LINKER/LOCATER V6.22, INVOKED BY:
D:\KEIL\C51\BIN\BL51.EXE .\Objects\STARTUP.obj, .\Objects\main.obj TO .\Objects\timer-led PRINT (.\Listings\timer-led.m5
>> 1) RAMSIZE (256)


MEMORY MODEL: SMALL


INPUT MODULES INCLUDED:
  .\Objects\STARTUP.obj (?C_STARTUP)
  .\Objects\main.obj (MAIN)
  D:\KEIL\C51\LIB\C51S.LIB (?C_INIT)


LINK MAP OF MODULE:  .\Objects\timer-led (?C_STARTUP)


            TYPE    BASE      LENGTH    RELOCATION   SEGMENT NAME
            -----------------------------------------------------

            * * * * * * *   D A T A   M E M O R Y   * * * * * * *
            REG     0000H     0008H     ABSOLUTE     "REG BANK 0"
            DATA    0008H     0003H     UNIT         ?DT?MAIN
                    000BH     0015H                  *** GAP ***
            BIT     0020H.0   0000H.2   UNIT         ?BI?MAIN
                    0020H.2   0000H.6                *** GAP ***
            IDATA   0021H     0001H     UNIT         ?STACK

            * * * * * * *   C O D E   M E M O R Y   * * * * * * *
            CODE    0000H     0003H     ABSOLUTE     
            CODE    0003H     0006H     UNIT         ?PR?SETUP?MAIN
            CODE    0009H     0001H     UNIT         ?PR?LOOP?MAIN
            CODE    000AH     0001H     UNIT         ?PR?TIMER0_ISR?MAIN
            CODE    000BH     0003H     ABSOLUTE     
            CODE    000EH     008CH     UNIT         ?C_C51STARTUP
            CODE    009AH     0045H     UNIT         ?PR?KEY_SCAN?MAIN
            CODE    00DFH     0015H     UNIT         ?PR?TIMER0_INIT?MAIN
            CODE    00F4H     000BH     UNIT         ?PR?MAIN?MAIN
            CODE    00FFH     000AH     UNIT         ?C_INITSEG



OVERLAY MAP OF MODULE:   .\Objects\timer-led (?C_STARTUP)


SEGMENT
  +--> CALLED SEGMENT
---------------------
?C_C51STARTUP
  +--> ?PR?MAIN?MAIN
  +--> ?C_INITSEG

?PR?MAIN?MAIN
  +--> ?PR?SETUP?MAIN
  +--> ?PR?TIMER0_INIT?MAIN
  +--> ?PR?LOOP?MAIN


BL51 BANKED LINKER/LOCATER V6.22                                                      05/27/2026  08:03:29  PAGE 2



SYMBOL TABLE OF MODULE:  .\Objects\timer-led (?C_STARTUP)

  VALUE           TYPE          NAME
  ----------------------------------

  -------         MODULE        ?C_STARTUP
  C:000EH         SEGMENT       ?C_C51STARTUP
  I:0021H         SEGMENT       ?STACK
  C:0000H         PUBLIC        ?C_STARTUP
  D:00E0H         SYMBOL        ACC
  D:00F0H         SYMBOL        B
  D:0083H         SYMBOL        DPH
  D:0082H         SYMBOL        DPL
  N:0000H         SYMBOL        IBPSTACK
  N:0100H         SYMBOL        IBPSTACKTOP
  N:0080H         SYMBOL        IDATALEN
  C:0011H         SYMBOL        IDATALOOP
  N:0000H         SYMBOL        PBPSTACK
  N:0100H         SYMBOL        PBPSTACKTOP
  N:0000H         SYMBOL        PDATALEN
  N:0000H         SYMBOL        PDATASTART
  N:0000H         SYMBOL        PPAGE
  N:0000H         SYMBOL        PPAGEENABLE
  D:00A0H         SYMBOL        PPAGE_SFR
  D:0081H         SYMBOL        SP
  C:000EH         SYMBOL        STARTUP1
  N:0000H         SYMBOL        XBPSTACK
  N:0000H         SYMBOL        XBPSTACKTOP
  N:0000H         SYMBOL        XDATALEN
  N:0000H         SYMBOL        XDATASTART
  C:0000H         LINE#         126
  C:000EH         LINE#         133
  C:0010H         LINE#         134
  C:0011H         LINE#         135
  C:0012H         LINE#         136
  C:0014H         LINE#         185
  C:0017H         LINE#         196
  -------         ENDMOD        ?C_STARTUP

  -------         MODULE        MAIN
  C:0000H         SYMBOL        _ICE_DUMMY_
  D:0093H         PUBLIC        P0M1
  D:0080H         PUBLIC        P0
  D:0090H         PUBLIC        P1
  D:00A0H         PUBLIC        P2
  D:00B0H         PUBLIC        P3
  D:00C0H         PUBLIC        P4
  C:000AH         PUBLIC        timer0_isr
  D:00C8H         PUBLIC        P5
  D:00E8H         PUBLIC        P6
  B:00A8H.7       PUBLIC        EA
  D:00F8H         PUBLIC        P7
  D:0008H         PUBLIC        key1_time
  D:00A8H         PUBLIC        IE
  B:0020H.0       PUBLIC        key1_last
  D:00B8H         PUBLIC        IP
BL51 BANKED LINKER/LOCATER V6.22                                                      05/27/2026  08:03:29  PAGE 3


  C:00F4H         PUBLIC        main
  C:00DFH         PUBLIC        Timer0_Init
  B:0020H.1       PUBLIC        key1_now
  C:0003H         PUBLIC        setup
  D:0098H         PUBLIC        SCON
  B:00B0H.2       PUBLIC        P32
  D:0089H         PUBLIC        TMOD
  D:0088H         PUBLIC        TCON
  C:0009H         PUBLIC        loop
  D:008EH         PUBLIC        AUXR
  B:00A8H.1       PUBLIC        ET0
  B:0088H.5       PUBLIC        TF0
  D:008CH         PUBLIC        TH0
  D:008AH         PUBLIC        TL0
  C:009AH         PUBLIC        key_scan
  B:0088H.4       PUBLIC        TR0
  D:000AH         PUBLIC        key1_flag
  D:00D0H         PUBLIC        PSW
  D:0094H         PUBLIC        P0M0
  -------         PROC          TIMER0_INIT
  C:00DFH         LINE#         8
  C:00DFH         LINE#         9
  C:00DFH         LINE#         10
  C:00E2H         LINE#         11
  C:00E5H         LINE#         12
  C:00E8H         LINE#         13
  C:00EBH         LINE#         14
  C:00EDH         LINE#         15
  C:00EFH         LINE#         16
  C:00F1H         LINE#         17
  C:00F3H         LINE#         18
  -------         ENDPROC       TIMER0_INIT
  -------         PROC          SETUP
  C:0003H         LINE#         20
  C:0003H         LINE#         21
  C:0003H         LINE#         22
  C:0008H         LINE#         24
  -------         ENDPROC       SETUP
  -------         PROC          KEY_SCAN
  C:009AH         LINE#         29
  C:009AH         LINE#         30
  C:009AH         LINE#         31
  C:009EH         LINE#         32
  C:00A4H         LINE#         33
  C:00A4H         LINE#         34
  C:00A9H         LINE#         35
  C:00A9H         LINE#         36
  C:00ACH         LINE#         37
  C:00ACH         LINE#         38
  C:00B4H         LINE#         39
  C:00BDH         LINE#         40
  C:00BDH         LINE#         41
  C:00C3H         LINE#         42
  C:00C3H         LINE#         43
  C:00C6H         LINE#         44
  C:00C6H         LINE#         45
  C:00C6H         LINE#         46
BL51 BANKED LINKER/LOCATER V6.22                                                      05/27/2026  08:03:29  PAGE 4


  C:00C6H         LINE#         47
  C:00CCH         LINE#         48
  C:00CCH         LINE#         49
  C:00D7H         LINE#         50
  C:00D7H         LINE#         51
  C:00DAH         LINE#         52
  C:00DAH         LINE#         53
  C:00DAH         LINE#         54
  C:00DEH         LINE#         55
  -------         ENDPROC       KEY_SCAN
  -------         PROC          LOOP
  C:0009H         LINE#         56
  C:0009H         LINE#         57
  C:0009H         LINE#         59
  -------         ENDPROC       LOOP
  -------         PROC          TIMER0_ISR
  C:000AH         LINE#         61
  C:000AH         LINE#         66
  -------         ENDPROC       TIMER0_ISR
  -------         PROC          MAIN
  C:00F4H         LINE#         68
  C:00F4H         LINE#         69
  C:00F4H         LINE#         70
  C:00F7H         LINE#         71
  C:00FAH         LINE#         72
  C:00FAH         LINE#         73
  C:00FAH         LINE#         74
  C:00FDH         LINE#         75
  -------         ENDPROC       MAIN
  -------         ENDMOD        MAIN

*** WARNING L16: UNCALLED SEGMENT, IGNORED FOR OVERLAY PROCESS
    SEGMENT: ?PR?KEY_SCAN?MAIN

Program Size: data=12.2 xdata=0 code=265
LINK/LOCATE RUN COMPLETE.  1 WARNING(S),  0 ERROR(S)
